// Jest Snapshot v1, https://goo.gl/fbAQLP

exports[`renders demo correctly 1`] = `
<div class="demo calendar">
  <div class="byted-header--wrapper">
    <div class="byted-header byted-header--default byted-header--fixed byted-hairline--bottom">
      <div class="byted-header__left"><i class="byted-header__icon" style="width: 1.2rem; height: 1.2rem;">test-file-stub</i></div>
      <div class="byted-header__title"><span class="demo-header-icon"><img src="https://s2.pstatp.com/cdn/expire-1-d/byted-creative-app/static/ByDesign-logo.svg" class="img-icon"></span></div>
    </div>
  </div>
  <div><span class="byted-icon byted-icon-module-datepicker" style="font-size: 20px;"><svg width="20" height="20" viewBox="0 0 64 64" fill="none" xmlns="http://www.w3.org/2000/svg"><path d="M9 55H55C56.1046 55 57 54.1046 57 53V15C57 13.8954 56.1046 13 55 13H9C7.89543 13 7 13.8954 7 15V53C7 54.1046 7.89543 55 9 55Z" fill="transparent" stroke="#333" stroke-width="4" stroke-linecap="round" stroke-linejoin="round"></path><path d="M57 25H7" stroke="#333" stroke-width="4" stroke-linecap="round" stroke-linejoin="round"></path><path d="M41 9V13V17" stroke="#333" stroke-width="4" stroke-linecap="round" stroke-linejoin="round"></path><path d="M23 17V13V9" stroke="#333" stroke-width="4" stroke-linecap="round" stroke-linejoin="round"></path><path d="M20 33H28V47H20" stroke="#333" stroke-width="4" stroke-linecap="round" stroke-linejoin="round"></path><path d="M28 40H22" stroke="#333" stroke-width="4" stroke-linecap="round" stroke-linejoin="round"></path><path d="M44 33H36V47H44V40V33Z" fill="transparent" stroke="#333" stroke-width="4" stroke-linecap="round" stroke-linejoin="round"></path></svg></span></div>
  <div>
    <div class="bui-doc-demo-block__card">
      <div class="byted-cell byted-cell--clickable">
        <div class="byted-cell__title"><span></span></div>
        <div class="byted-cell__value byted-cell__value--alone"><span class="custom-value"></span></div><i class="byted-cell__right-icon">test-file-stub</i>
      </div>
      <div class="byted-cell byted-cell--clickable">
        <div class="byted-cell__title"><span></span></div>
        <div class="byted-cell__value byted-cell__value--alone"><span class="custom-value">
          </span></div><i class="byted-cell__right-icon">test-file-stub</i>
      </div>
      <div class="byted-cell byted-cell--clickable">
        <div class="byted-cell__title"><span></span></div>
        <div class="byted-cell__value byted-cell__value--alone"><span class="custom-value">

        </span></div><i class="byted-cell__right-icon">test-file-stub</i>
      </div>
    </div>
    <!---->
    <!---->
    <!---->
  </div>
</div>
`;
