// Jest Snapshot v1, https://goo.gl/fbAQLP

exports[`renders demo correctly 1`] = `
<div class="demo cell">
  <div class="byted-header--wrapper">
    <div class="byted-header byted-header--default byted-header--fixed byted-hairline--bottom">
      <div class="byted-header__left"><i class="byted-header__icon" style="width: 1.2rem; height: 1.2rem;">test-file-stub</i></div>
      <div class="byted-header__title"><span class="demo-header-icon"><img src="https://s2.pstatp.com/cdn/expire-1-d/byted-creative-app/static/ByDesign-logo.svg" class="img-icon"></span></div>
    </div>
  </div>
  <div style="padding-left: 0.8rem;"></div>
  <div class="demo-cell">
    <div class="demo-cell-header">
      <div class="demo-cell-header-title"><span class="demo-cell-header-title__left" style="padding-left: 0.8rem;"></span></div>
    </div>
    <div class="demo-cell-content-slot">
      <div class="byted-cell-group byted-hairline--top-bottom">
        <div class="byted-cell byted-cell--clickable byted-cell--normal">
          <div class="byted-cell__title"><span></span></div>
          <div class="byted-cell__value byted-cell__value--alone"><span></span></div>
        </div>
        <div class="byted-cell byted-cell--clickable byted-cell--normal">
          <div class="byted-cell__title"><span></span>
            <div class="byted-cell__label"></div>
          </div>
          <div class="byted-cell__value byted-cell__value--alone"><span></span></div>
        </div>
        <div class="byted-cell byted-cell--middle byted-cell--clickable byted-cell--normal">
          <div class="byted-cell__title"><span></span>
            <div class="byted-cell__label"></div>
          </div>
          <div class="byted-cell__value byted-cell__value--alone"><span></span></div>
        </div>
      </div>
    </div>
  </div>
  <div class="demo-cell">
    <div class="demo-cell-header">
      <div class="demo-cell-header-title"><span class="demo-cell-header-title__left" style="padding-left: 0.8rem;"></span></div>
    </div>
    <div class="demo-cell-content-slot">
      <div class="byted-cell-group byted-hairline--top-bottom">
        <div class="byted-cell byted-cell--clickable byted-cell--normal">
          <div class="byted-cell__title"><span></span></div>
          <div class="byted-cell__value byted-cell__value--alone"><span></span></div><i class="byted-cell__right-icon">test-file-stub</i>
        </div>
        <div class="byted-cell byted-cell--clickable byted-cell--normal">
          <div class="byted-cell__title"><span></span></div>
          <div class="byted-cell__value byted-cell__value--alone"><span></span></div><i class="byted-cell__right-icon">test-file-stub</i>
        </div>
      </div>
    </div>
  </div>
  <div class="demo-cell">
    <div class="demo-cell-header">
      <div class="demo-cell-header-title"><span class="demo-cell-header-title__left" style="padding-left: 0.8rem;"></span></div>
    </div>
    <div class="demo-cell-content-slot">
      <div>
        <div class="byted-cell-group__title">1</div>
        <div class="byted-cell-group byted-hairline--top-bottom">
          <div class="byted-cell byted-cell--normal">
            <div class="byted-cell__title"><span></span></div>
            <div class="byted-cell__value byted-cell__value--alone"><span></span></div>
          </div>
        </div>
      </div>
      <div>
        <div class="byted-cell-group__title">2</div>
        <div class="byted-cell-group byted-hairline--top-bottom">
          <div class="byted-cell byted-cell--normal">
            <div class="byted-cell__title"><span></span></div>
            <div class="byted-cell__value byted-cell__value--alone"><span></span></div>
          </div>
        </div>
      </div>
    </div>
  </div>
  <div class="demo-cell">
    <div class="demo-cell-header">
      <div class="demo-cell-header-title"><span class="demo-cell-header-title__left" style="padding-left: 0.8rem;"></span></div>
    </div>
    <div class="demo-cell-content-slot">
      <div class="byted-cell byted-cell--clickable byted-cell--normal">
        <div class="byted-cell__title"><span></span></div>
        <div class="byted-cell__value"><span></span></div><i class="byted-cell__right-icon">test-file-stub</i>
      </div>
      <div class="byted-cell byted-cell--normal">
        <div class="byted-cell__title"><span></span></div><i class="byted-icon byted-icon--check-one" style="width: 1rem; height: 1rem;">test-file-stub</i>
      </div>
      <div class="byted-cell byted-cell--normal">
        <div class="byted-cell__title"><span></span></div>
        <div class="byted-switch normal">
          <div class="byted-switch__show"></div>
        </div>
      </div>
    </div>
  </div>
  <div class="dome-size">
    <div class="dome-size-content"><span class="dome-size-content_title">尺寸</span>
      <div class="dome-size-content_slider">
        <div class="dome-slider">
          <div class="dome-slider-container">
            <div class="popover" style="display: none;"><span class="content">normal</span>
              <div class="popover-arrow"></div>
            </div>
            <div class="dome-slider-button" style="left: 50%;"></div>
            <div class="dome-slider-active" style="width: 50%;"></div>
            <div class="slider-stop slider-stop-active" style="left: 0px;"></div>
            <div class="slider-stop slider-stop-active" style="left: 50%;"></div>
            <div class="slider-stop" style="left: 100%;"></div>
          </div>
        </div>
      </div>
    </div>
    <div class="dome-size-icon"><img src="test-file-stub" alt="" class="svg-icon-close" style="display: none;"> <img src="test-file-stub" alt="" class="svg-icon-transfer"></div>
  </div>
</div>
`;
