// Jest Snapshot v1, https://goo.gl/fbAQLP

exports[`renders demo correctly 1`] = `
<div class="demo popup">
  <div class="popup-box">
    <div class="byted-header--wrapper">
      <div class="byted-header byted-header--default byted-header--fixed byted-hairline--bottom">
        <div class="byted-header__left"><i class="byted-header__icon" style="width: 1.2rem; height: 1.2rem;">test-file-stub</i></div>
        <div class="byted-header__title"><span class="demo-header-icon"><img src="https://s2.pstatp.com/cdn/expire-1-d/byted-creative-app/static/ByDesign-logo.svg" class="img-icon"></span></div>
      </div>
    </div>
    <div></div>
    <div>
      <div class="bui-doc-demo-block__card">
        <div class="byted-cell byted-cell--clickable">
          <div class="byted-cell__title"><span></span></div><i class="byted-cell__right-icon">test-file-stub</i>
        </div>
      </div>
      <!---->
    </div>
    <div>
      <div class="bui-doc-demo-block__card">
        <div class="byted-cell byted-cell--clickable">
          <div class="byted-cell__title"><span></span></div><i class="byted-cell__right-icon">test-file-stub</i>
        </div>
        <div class="byted-cell byted-cell--clickable">
          <div class="byted-cell__title"><span></span></div><i class="byted-cell__right-icon">test-file-stub</i>
        </div>
        <div class="byted-cell byted-cell--clickable">
          <div class="byted-cell__title"><span></span></div><i class="byted-cell__right-icon">test-file-stub</i>
        </div>
        <div class="byted-cell byted-cell--clickable">
          <div class="byted-cell__title"><span></span></div><i class="byted-cell__right-icon">test-file-stub</i>
        </div>
      </div>
    </div>
    <div>
      <div class="bui-doc-demo-block__card">
        <div class="byted-cell byted-cell--clickable">
          <div class="byted-cell__title"><span></span></div><i class="byted-cell__right-icon">test-file-stub</i>
        </div>
      </div>
    </div>
    <div>
      <div class="bui-doc-demo-block__card">
        <div class="byted-cell byted-cell--clickable">
          <div class="byted-cell__title"><span></span></div><i class="byted-cell__right-icon">test-file-stub</i>
        </div>
      </div>
    </div>
  </div>
</div>
`;
