// Jest Snapshot v1, https://goo.gl/fbAQLP

exports[`renders demo correctly 1`] = `
<div class="demo tree">
  <div class="byted-header--wrapper">
    <div class="byted-header byted-header--default byted-header--fixed byted-hairline--bottom">
      <div class="byted-header__left"><i class="byted-header__icon" style="width: 1.2rem; height: 1.2rem;">test-file-stub</i></div>
      <div class="byted-header__title"><span class="demo-header-icon"><img src="https://s2.pstatp.com/cdn/expire-1-d/byted-creative-app/static/ByDesign-logo.svg" class="img-icon"></span></div>
    </div>
  </div>
  <div><span class="byted-icon byted-icon-module-tree-select" style="font-size: 20px;"><svg width="20" height="20" viewBox="0 0 64 64" fill="none" xmlns="http://www.w3.org/2000/svg"><path d="M10 12L10 60" stroke="#333" stroke-width="4" stroke-linecap="round" stroke-linejoin="round"></path><path d="M10 22H18" stroke="#333" stroke-width="4" stroke-linecap="round"></path><path d="M22 26L22 60" stroke="#333" stroke-width="4" stroke-linecap="round" stroke-linejoin="round"></path><path d="M22 8L58 8" stroke="#333" stroke-width="4" stroke-linecap="round" stroke-linejoin="round"></path><path d="M34 22L58 22" stroke="#333" stroke-width="4" stroke-linecap="round" stroke-linejoin="round"></path><path d="M46 36H57" stroke="#333" stroke-width="4" stroke-linecap="round" stroke-linejoin="round"></path><path d="M46 50H57" stroke="#333" stroke-width="4" stroke-linecap="round" stroke-linejoin="round"></path><path d="M34 40V46" stroke="#333" stroke-width="4" stroke-linecap="round" stroke-linejoin="round"></path><path d="M34 54V60" stroke="#333" stroke-width="4" stroke-linecap="round" stroke-linejoin="round"></path><circle cx="10" cy="8" r="4" fill="transparent" stroke="#333" stroke-width="4" stroke-linecap="round" stroke-linejoin="round"></circle><circle cx="22" cy="22" r="4" fill="transparent" stroke="#333" stroke-width="4" stroke-linecap="round" stroke-linejoin="round"></circle><circle cx="34" cy="36" r="4" fill="transparent" stroke="#333" stroke-width="4" stroke-linecap="round" stroke-linejoin="round"></circle><circle cx="34" cy="50" r="4" fill="transparent" stroke="#333" stroke-width="4" stroke-linecap="round" stroke-linejoin="round"></circle><path d="M22 36H30" stroke="#333" stroke-width="4" stroke-linecap="round"></path></svg></span></div>
  <div>
    <div class="bui-doc-demo-block__card">
      <div class="byted-cell byted-cell--clickable">
        <div class="byted-cell__title"><span></span></div><i class="byted-cell__right-icon">test-file-stub</i>
      </div>
    </div>
    <!---->
  </div>
  <div>
    <div class="bui-doc-demo-block__card">
      <div class="byted-cell byted-cell--clickable">
        <div class="byted-cell__title"><span></span></div><i class="byted-cell__right-icon">test-file-stub</i>
      </div>
    </div>
    <!---->
  </div>
  <div>
    <div class="bui-doc-demo-block__card">
      <div class="byted-cell byted-cell--clickable">
        <div class="byted-cell__title"><span></span></div><i class="byted-cell__right-icon">test-file-stub</i>
      </div>
    </div>
    <!---->
  </div>
</div>
`;
